
> stock-sync-react@0.0.0 build
> vite build

[36mvite v7.1.9 [32mbuilding for production...[36m[39m
transforming...
[32mÔ£ô[39m 115 modules transformed.
Ô£ù Build failed in 1.19s
error during build:
[vite]: Rollup failed to resolve import "prop-types" from "D:/ARCHIVOS SENA/TRABAJOS SENA ADSO/REACT/stock-sync-react/src/components/Admin/AdminRegisterView.jsx".
This is most likely unintended because it can break your application at runtime.
If you do want to externalize this module explicitly add it to
`build.rollupOptions.external`
    at viteLog (file:///D:/ARCHIVOS%20SENA/TRABAJOS%20SENA%20ADSO/REACT/stock-sync-react/node_modules/vite/dist/node/chunks/dep-Chhhsdoe.js:33989:57)
    at file:///D:/ARCHIVOS%20SENA/TRABAJOS%20SENA%20ADSO/REACT/stock-sync-react/node_modules/vite/dist/node/chunks/dep-Chhhsdoe.js:34025:73
    at onwarn (file:///D:/ARCHIVOS%20SENA/TRABAJOS%20SENA%20ADSO/REACT/stock-sync-react/node_modules/@vitejs/plugin-react/dist/index.js:55:7)
    at file:///D:/ARCHIVOS%20SENA/TRABAJOS%20SENA%20ADSO/REACT/stock-sync-react/node_modules/vite/dist/node/chunks/dep-Chhhsdoe.js:34025:28
    at onRollupLog (file:///D:/ARCHIVOS%20SENA/TRABAJOS%20SENA%20ADSO/REACT/stock-sync-react/node_modules/vite/dist/node/chunks/dep-Chhhsdoe.js:34020:63)
    at onLog (file:///D:/ARCHIVOS%20SENA/TRABAJOS%20SENA%20ADSO/REACT/stock-sync-react/node_modules/vite/dist/node/chunks/dep-Chhhsdoe.js:33821:4)
    at file:///D:/ARCHIVOS%20SENA/TRABAJOS%20SENA%20ADSO/REACT/stock-sync-react/node_modules/rollup/dist/es/shared/node-entry.js:20937:32
    at Object.logger [as onLog] (file:///D:/ARCHIVOS%20SENA/TRABAJOS%20SENA%20ADSO/REACT/stock-sync-react/node_modules/rollup/dist/es/shared/node-entry.js:22823:9)
    at ModuleLoader.handleInvalidResolvedId (file:///D:/ARCHIVOS%20SENA/TRABAJOS%20SENA%20ADSO/REACT/stock-sync-react/node_modules/rollup/dist/es/shared/node-entry.js:21567:26)
    at file:///D:/ARCHIVOS%20SENA/TRABAJOS%20SENA%20ADSO/REACT/stock-sync-react/node_modules/rollup/dist/es/shared/node-entry.js:21525:26
